// Jest Snapshot v1, https://goo.gl/fbAQLP

exports[`Shows portfolio as pie chart 1`] = `
<div
  className="sc-ifAKCX kXbjbf"
>
  <header
    className="sc-bdVaJa jEqhig"
  >
    <div>
      <h1
        className="sc-htpNat dEQUjC"
      >
        Your Portfolio
      </h1>
      <h4
        className="sc-bxivhb jowYtt"
      >
        CHF302,948.54
      </h4>
    </div>
  </header>
  <div
    className="chart "
  />
</div>
`;
