// Jest Snapshot v1, https://goo.gl/fbAQLP

exports[`Shows portfolio as pie chart 1`] = `
<table
  className="sc-bdVaJa fBygAm"
  color="blue"
>
  <tbody>
    <tr
      className="sc-bwzfXH blIGVZ"
    >
      <th
        className="sc-htpNat eTmyiO"
      >
        Name
      </th>
      <th
        className="sc-htpNat eTmyiO"
      >
        Symbol
      </th>
      <th
        className="sc-htpNat eTmyiO"
      >
        Currency
      </th>
      <th
        className="sc-htpNat eTmyiO"
      >
        Holdings
      </th>
      <th
        className="sc-htpNat eTmyiO"
      >
        Value in CHF
      </th>
    </tr>
    <tr
      className="sc-bwzfXH blIGVZ"
    >
      <td
        className="sc-bxivhb jSiPdZ"
      >
        SPDR® FTSE UK All Share UCITS ETF
      </td>
      <td
        className="sc-bxivhb jSiPdZ"
      >
        IE00B7452L46
      </td>
      <td
        className="sc-bxivhb jSiPdZ"
      >
        CHF
      </td>
      <td
        className="sc-ifAKCX fTHyJg"
      >
        17
      </td>
      <td
        className="sc-ifAKCX fTHyJg"
      >
        CHF1,152.43
      </td>
    </tr>
    <tr
      className="sc-bwzfXH blIGVZ"
    >
      <td
        className="sc-bxivhb jSiPdZ"
      >
        iShares STOXX Europe 600 UCITS ETF
      </td>
      <td
        className="sc-bxivhb jSiPdZ"
      >
        DE0002635307
      </td>
      <td
        className="sc-bxivhb jSiPdZ"
      >
        EUR
      </td>
      <td
        className="sc-ifAKCX fTHyJg"
      >
        32
      </td>
      <td
        className="sc-ifAKCX fTHyJg"
      >
        CHF1,470.78
      </td>
    </tr>
    <tr
      className="sc-bwzfXH blIGVZ"
    >
      <td
        className="sc-bxivhb jSiPdZ"
      >
        Vanguard US Total Stock Market Shares Index ETF
      </td>
      <td
        className="sc-bxivhb jSiPdZ"
      >
        VTI
      </td>
      <td
        className="sc-bxivhb jSiPdZ"
      >
        USD
      </td>
      <td
        className="sc-ifAKCX fTHyJg"
      >
        8
      </td>
      <td
        className="sc-ifAKCX fTHyJg"
      >
        CHF1,100.74
      </td>
    </tr>
    <tr
      className="sc-bwzfXH blIGVZ"
    >
      <td
        className="sc-bxivhb jSiPdZ"
      >
        Vanguard FTSE Emerging Markets ETF
      </td>
      <td
        className="sc-bxivhb jSiPdZ"
      >
        VWO
      </td>
      <td
        className="sc-bxivhb jSiPdZ"
      >
        USD
      </td>
      <td
        className="sc-ifAKCX fTHyJg"
      >
        34
      </td>
      <td
        className="sc-ifAKCX fTHyJg"
      >
        CHF1,583.99
      </td>
    </tr>
    <tr
      className="sc-bwzfXH blIGVZ"
    >
      <td
        className="sc-bxivhb jSiPdZ"
      >
        Vanguard FTSE Pacific ETF
      </td>
      <td
        className="sc-bxivhb jSiPdZ"
      >
        VPL
      </td>
      <td
        className="sc-bxivhb jSiPdZ"
      >
        USD
      </td>
      <td
        className="sc-ifAKCX fTHyJg"
      >
        13
      </td>
      <td
        className="sc-ifAKCX fTHyJg"
      >
        CHF957.08
      </td>
    </tr>
    <tr
      className="sc-bwzfXH blIGVZ"
    >
      <td
        className="sc-bxivhb jSiPdZ"
      >
        UBS ETF (CH) - SMI (CHF)
      </td>
      <td
        className="sc-bxivhb jSiPdZ"
      >
        CH0017142719
      </td>
      <td
        className="sc-bxivhb jSiPdZ"
      >
        CHF
      </td>
      <td
        className="sc-ifAKCX fTHyJg"
      >
        96
      </td>
      <td
        className="sc-ifAKCX fTHyJg"
      >
        CHF9,288.96
      </td>
    </tr>
    <tr
      className="sc-bwzfXH blIGVZ"
    >
      <td
        className="sc-EHOje bTmYja"
      >
        Sum
      </td>
      <td
        className="sc-EHOje bTmYja"
      />
      <td
        className="sc-EHOje bTmYja"
      />
      <td
        className="sc-EHOje bTmYja"
      />
      <td
        className="sc-bZQynM kQkXwr"
      >
        CHF15,553.98
      </td>
    </tr>
  </tbody>
</table>
`;
