// Jest Snapshot v1, https://goo.gl/fbAQLP

exports[`Shows portfolio as pie chart 1`] = `
<table
  className="sc-bdVaJa fBygAm"
  color="blue"
>
  <tbody>
    <tr
      className="sc-bwzfXH blIGVZ"
    >
      <th
        className="sc-htpNat eTmyiO"
      >
        Name
      </th>
      <th
        className="sc-htpNat eTmyiO"
      >
        Symbol
      </th>
      <th
        className="sc-htpNat eTmyiO"
      >
        Currency
      </th>
      <th
        className="sc-htpNat eTmyiO"
      >
        Holdings
      </th>
      <th
        className="sc-htpNat eTmyiO"
      >
        Value in CHF
      </th>
    </tr>
    <tr
      className="sc-bwzfXH blIGVZ"
    >
      <td
        className="sc-bxivhb jSiPdZ"
      >
        UBS ETF (CH) - SMI (CHF)
      </td>
      <td
        className="sc-bxivhb jSiPdZ"
      >
        CH0017142719
      </td>
      <td
        className="sc-bxivhb jSiPdZ"
      >
        CHF
      </td>
      <td
        className="sc-ifAKCX fTHyJg"
      >
        96
      </td>
      <td
        className="sc-ifAKCX fTHyJg"
      >
        CHF9,288.96
      </td>
    </tr>
    <tr
      className="sc-bwzfXH blIGVZ"
    >
      <td
        className="sc-EHOje bTmYja"
      >
        Sum
      </td>
      <td
        className="sc-EHOje bTmYja"
      />
      <td
        className="sc-EHOje bTmYja"
      />
      <td
        className="sc-EHOje bTmYja"
      />
      <td
        className="sc-bZQynM kQkXwr"
      >
        CHF9,288.96
      </td>
    </tr>
  </tbody>
</table>
`;
