// Jest Snapshot v1, https://goo.gl/fbAQLP

exports[`Shows portfolio as pie chart 1`] = `
<table
  className="sc-bdVaJa fBygAm"
  color="blue"
>
  <thead>
    <tr
      className="sc-bwzfXH blIGVZ"
    >
      <th
        className="sc-htpNat eTmyiO"
      >
        Name
      </th>
      <th
        className="sc-htpNat eTmyiO"
      >
        Value in CHF
      </th>
      <th
        className="sc-htpNat eTmyiO"
      >
        Interest Rate
      </th>
      <th
        className="sc-htpNat eTmyiO"
      >
        2018
      </th>
      <th
        className="sc-htpNat eTmyiO"
      >
        After Inflation
      </th>
      <th
        className="sc-htpNat eTmyiO"
      />
    </tr>
  </thead>
  <tbody>
    <tr
      className="sc-bwzfXH blIGVZ"
    >
      <td
        className="sc-bxivhb jSiPdZ"
      >
        DKB EUR Privatkonto
      </td>
      <td
        className="sc-ifAKCX fTHyJg"
      >
        CHF986.07
      </td>
      <td
        className="sc-ifAKCX fTHyJg"
      >
        0.20%
      </td>
      <td
        className="sc-ifAKCX fTHyJg"
      >
        CHF1.97
      </td>
      <td
        className="sc-ifAKCX fTHyJg"
      >
        -CHF4.76
      </td>
      <td
        className="sc-ifAKCX fTHyJg"
      >
        <button
          className="sc-gzVnrw biOjMH"
          onClick={[Function]}
        >
          Edit
        </button>
        <button
          className="sc-gzVnrw biOjMH"
          onClick={[Function]}
        >
          Remove
        </button>
      </td>
    </tr>
    <tr
      className="sc-bwzfXH blIGVZ"
    >
      <td
        className="sc-bxivhb jSiPdZ"
      >
        Postfinance Privatkonto 2
      </td>
      <td
        className="sc-ifAKCX fTHyJg"
      >
        CHF3,361.00
      </td>
      <td
        className="sc-ifAKCX fTHyJg"
      >
        0.01%
      </td>
      <td
        className="sc-ifAKCX fTHyJg"
      >
        CHF0.34
      </td>
      <td
        className="sc-ifAKCX fTHyJg"
      >
        -CHF26.55
      </td>
      <td
        className="sc-ifAKCX fTHyJg"
      >
        <button
          className="sc-gzVnrw biOjMH"
          onClick={[Function]}
        >
          Edit
        </button>
        <button
          className="sc-gzVnrw biOjMH"
          onClick={[Function]}
        >
          Remove
        </button>
      </td>
    </tr>
    <tr
      className="sc-bwzfXH blIGVZ"
    >
      <td
        className="sc-bxivhb jSiPdZ"
      >
        Postfinance Privatkonto
      </td>
      <td
        className="sc-ifAKCX fTHyJg"
      >
        CHF13,402.00
      </td>
      <td
        className="sc-ifAKCX fTHyJg"
      >
        0.01%
      </td>
      <td
        className="sc-ifAKCX fTHyJg"
      >
        CHF1.34
      </td>
      <td
        className="sc-ifAKCX fTHyJg"
      >
        -CHF105.88
      </td>
      <td
        className="sc-ifAKCX fTHyJg"
      >
        <button
          className="sc-gzVnrw biOjMH"
          onClick={[Function]}
        >
          Edit
        </button>
        <button
          className="sc-gzVnrw biOjMH"
          onClick={[Function]}
        >
          Remove
        </button>
      </td>
    </tr>
    <tr
      className="sc-bwzfXH blIGVZ"
    >
      <td
        className="sc-bxivhb jSiPdZ"
      >
        Postfinance Sparkonto
      </td>
      <td
        className="sc-ifAKCX fTHyJg"
      >
        CHF60,806.00
      </td>
      <td
        className="sc-ifAKCX fTHyJg"
      >
        0.01%
      </td>
      <td
        className="sc-ifAKCX fTHyJg"
      >
        CHF6.08
      </td>
      <td
        className="sc-ifAKCX fTHyJg"
      >
        -CHF480.37
      </td>
      <td
        className="sc-ifAKCX fTHyJg"
      >
        <button
          className="sc-gzVnrw biOjMH"
          onClick={[Function]}
        >
          Edit
        </button>
        <button
          className="sc-gzVnrw biOjMH"
          onClick={[Function]}
        >
          Remove
        </button>
      </td>
    </tr>
    <tr
      className="sc-bwzfXH blIGVZ"
    >
      <td
        className="sc-bxivhb jSiPdZ"
      >
        True Wealth GBP Account
      </td>
      <td
        className="sc-ifAKCX fTHyJg"
      >
        CHF54.21
      </td>
      <td
        className="sc-ifAKCX fTHyJg"
      >
        0.00%
      </td>
      <td
        className="sc-ifAKCX fTHyJg"
      >
        CHF0.00
      </td>
      <td
        className="sc-ifAKCX fTHyJg"
      >
        -CHF0.33
      </td>
      <td
        className="sc-ifAKCX fTHyJg"
      >
        <button
          className="sc-gzVnrw biOjMH"
          onClick={[Function]}
        >
          Edit
        </button>
        <button
          className="sc-gzVnrw biOjMH"
          onClick={[Function]}
        >
          Remove
        </button>
      </td>
    </tr>
    <tr
      className="sc-bwzfXH blIGVZ"
    >
      <td
        className="sc-bxivhb jSiPdZ"
      >
        True Wealth USD Account
      </td>
      <td
        className="sc-ifAKCX fTHyJg"
      >
        CHF391.08
      </td>
      <td
        className="sc-ifAKCX fTHyJg"
      >
        0.00%
      </td>
      <td
        className="sc-ifAKCX fTHyJg"
      >
        CHF0.00
      </td>
      <td
        className="sc-ifAKCX fTHyJg"
      >
        -CHF3.20
      </td>
      <td
        className="sc-ifAKCX fTHyJg"
      >
        <button
          className="sc-gzVnrw biOjMH"
          onClick={[Function]}
        >
          Edit
        </button>
        <button
          className="sc-gzVnrw biOjMH"
          onClick={[Function]}
        >
          Remove
        </button>
      </td>
    </tr>
    <tr
      className="sc-bwzfXH blIGVZ"
    >
      <td
        className="sc-bxivhb jSiPdZ"
      >
        True Wealth EUR Account
      </td>
      <td
        className="sc-ifAKCX fTHyJg"
      >
        CHF100.83
      </td>
      <td
        className="sc-ifAKCX fTHyJg"
      >
        0.00%
      </td>
      <td
        className="sc-ifAKCX fTHyJg"
      >
        CHF0.00
      </td>
      <td
        className="sc-ifAKCX fTHyJg"
      >
        -CHF0.69
      </td>
      <td
        className="sc-ifAKCX fTHyJg"
      >
        <button
          className="sc-gzVnrw biOjMH"
          onClick={[Function]}
        >
          Edit
        </button>
        <button
          className="sc-gzVnrw biOjMH"
          onClick={[Function]}
        >
          Remove
        </button>
      </td>
    </tr>
    <tr
      className="sc-bwzfXH blIGVZ"
    >
      <td
        className="sc-bxivhb jSiPdZ"
      >
        True Wealth CHF Account
      </td>
      <td
        className="sc-ifAKCX fTHyJg"
      >
        CHF41.00
      </td>
      <td
        className="sc-ifAKCX fTHyJg"
      >
        0.00%
      </td>
      <td
        className="sc-ifAKCX fTHyJg"
      >
        CHF0.00
      </td>
      <td
        className="sc-ifAKCX fTHyJg"
      >
        -CHF0.33
      </td>
      <td
        className="sc-ifAKCX fTHyJg"
      >
        <button
          className="sc-gzVnrw biOjMH"
          onClick={[Function]}
        >
          Edit
        </button>
        <button
          className="sc-gzVnrw biOjMH"
          onClick={[Function]}
        >
          Remove
        </button>
      </td>
    </tr>
    <tr
      className="sc-bwzfXH blIGVZ"
    >
      <td
        className="sc-bxivhb jSiPdZ"
      >
        ABL kurzfristig
      </td>
      <td
        className="sc-ifAKCX fTHyJg"
      >
        CHF20,300.00
      </td>
      <td
        className="sc-ifAKCX fTHyJg"
      >
        0.10%
      </td>
      <td
        className="sc-ifAKCX fTHyJg"
      >
        CHF20.30
      </td>
      <td
        className="sc-ifAKCX fTHyJg"
      >
        -CHF142.10
      </td>
      <td
        className="sc-ifAKCX fTHyJg"
      >
        <button
          className="sc-gzVnrw biOjMH"
          onClick={[Function]}
        >
          Edit
        </button>
        <button
          className="sc-gzVnrw biOjMH"
          onClick={[Function]}
        >
          Remove
        </button>
      </td>
    </tr>
  </tbody>
  <tfoot>
    <tr
      className="sc-bwzfXH blIGVZ"
    >
      <td
        className="sc-EHOje bTmYja"
      >
        Sum
      </td>
      <td
        className="sc-bZQynM kQkXwr"
      >
        CHF99,278.00
      </td>
      <td
        className="sc-bZQynM kQkXwr"
      >
        0.03%
      </td>
      <td
        className="sc-bZQynM kQkXwr"
      >
        CHF30.03
      </td>
      <td
        className="sc-bZQynM kQkXwr"
      >
        -CHF764.19
      </td>
      <td
        className="sc-bZQynM kQkXwr"
      />
    </tr>
  </tfoot>
</table>
`;
